// Jest Snapshot v1, https://goo.gl/fbAQLP

exports[`Seo renders Seo correctly 1`] = `<div />`;
