// Jest Snapshot v1, https://goo.gl/fbAQLP

exports[`NavBarItem renders NavBarItem correctly 1`] = `
<div>
  <a
    class="text-4xl sm:text-base my-3 sm:my-0 mx-5 text-gray-500 dark:text-neutral-100 hover:text-gray-900 hover:dark:text-white hover:transition-color hover:underline decoration-blue-500 dark:decoration-fuchsia-500 decoration-4 sm:decoration-2 underline-offset-8"
    href="#"
  >
    TEST
  </a>
</div>
`;
