// Jest Snapshot v1, https://goo.gl/fbAQLP

exports[`AwesomeButton renders AwesomeButton correctly 1`] = `
<div>
  <a
    class="flex items-center justify-center sm:justify-between w-full sm:w-56 rounded-full px-4 py-3 mr-5 font-semibold mb-3 bg-blue-500 hover:bg-blue-700 dark:bg-fuchsia-500 dark:hover:bg-fuchsia-700 text-neutral-50"
    href="/#"
  >
    Label
    Button
  </a>
</div>
`;
