// Jest Snapshot v1, https://goo.gl/fbAQLP

exports[`AwesomeTitle renders AwesomeTitle correctly 1`] = `
<div>
  <h1
    class="font-extrabold  text-transparent bg-clip-text bg-gradient-to-t from-blue-600 to-blue-400  dark:bg-gradient-to-t dark:from-fuchsia-600 dark:to-fuchsia-400 text-4xl sm:leading-tight sm:text-5xl sm:leading-tight mb-2 sm:mb-3"
  >
    Hello World!
  </h1>
</div>
`;
